2026-08-19 18:57:55 [INFO] Starting Ultimate SOTA AML Pipeline...
2026-08-19 18:58:49 [INFO] [Load] 31,898,238 transactions loaded.
2026-08-19 19:01:15 [INFO] [Entity] Join Match Rate: 100.00% mapped.
2026-08-19 19:01:15 [INFO] [Entity] Found 2,657,620 same-entity transfers.
2026-08-19 19:01:53 [INFO] [Split] Train: 9 days, Val: 4 days, Test: 15 days.
2026-08-19 19:05:38 [INFO] [SnapML] Initializing Graph Feature Preprocessor for MAX PERFORMANCE...
2026-08-19 19:05:39 [INFO] [SnapML] Extracting features for Train (Batch Size=128)...
2026-08-19 19:05:55 [INFO]   [Train] Processed 1,280,000/19,487,126 edges...
2026-08-19 19:07:07 [INFO]   [Train] Processed 2,560,000/19,487,126 edges...
2026-08-19 19:10:26 [INFO]   [Train] Processed 3,840,000/19,487,126 edges...
2026-08-19 19:20:43 [INFO]   [Train] Processed 5,120,000/19,487,126 edges...
2026-08-19 19:35:18 [INFO]   [Train] Processed 6,400,000/19,487,126 edges...
2026-08-19 19:53:55 [INFO]   [Train] Processed 7,680,000/19,487,126 edges...
2026-08-19 19:58:17 [INFO]   [Train] Processed 8,960,000/19,487,126 edges...
2026-08-19 20:01:29 [INFO]   [Train] Processed 10,240,000/19,487,126 edges...
2026-08-19 20:08:47 [INFO]   [Train] Processed 11,520,000/19,487,126 edges...
2026-08-19 20:16:15 [INFO]   [Train] Processed 12,800,000/19,487,126 edges...
2026-08-19 20:25:06 [INFO]   [Train] Processed 14,080,000/19,487,126 edges...
2026-08-19 20:33:27 [INFO]   [Train] Processed 15,360,000/19,487,126 edges...
2026-08-19 20:41:36 [INFO]   [Train] Processed 16,640,000/19,487,126 edges...
2026-08-19 20:53:34 [INFO]   [Train] Processed 17,920,000/19,487,126 edges...
2026-08-19 21:07:43 [INFO]   [Train] Processed 19,200,000/19,487,126 edges...
2026-08-19 21:12:06 [INFO]   [Train] Processed 19,487,126/19,487,126 edges. Done.
2026-08-20 00:18:29 [INFO] Starting Ultimate SOTA AML Pipeline...
2026-08-20 00:19:23 [INFO] [Load] 31,898,238 transactions loaded.
2026-08-20 00:21:51 [INFO] [Entity] Join Match Rate: 100.00% mapped.
2026-08-20 00:21:51 [INFO] [Entity] Found 2,657,620 same-entity transfers.
2026-08-20 00:22:29 [INFO] [Split] Train: 9 days, Val: 4 days, Test: 15 days.
2026-08-20 00:26:14 [INFO] [SnapML] Initializing Graph Feature Preprocessor for MAX PERFORMANCE...
2026-08-20 00:26:15 [INFO] [SnapML] Extracting features for Train (Batch Size=128)...
2026-08-20 00:26:31 [INFO]   [Train] Processed 1,280,000/19,487,126 edges...
2026-08-20 00:27:40 [INFO]   [Train] Processed 2,560,000/19,487,126 edges...
2026-08-20 00:30:47 [INFO]   [Train] Processed 3,840,000/19,487,126 edges...
2026-08-20 00:40:18 [INFO]   [Train] Processed 5,120,000/19,487,126 edges...
2026-08-20 00:54:05 [INFO]   [Train] Processed 6,400,000/19,487,126 edges...
2026-08-20 01:11:46 [INFO]   [Train] Processed 7,680,000/19,487,126 edges...
2026-08-20 01:15:50 [INFO]   [Train] Processed 8,960,000/19,487,126 edges...
2026-08-20 01:18:47 [INFO]   [Train] Processed 10,240,000/19,487,126 edges...
2026-08-20 01:25:36 [INFO]   [Train] Processed 11,520,000/19,487,126 edges...
2026-08-20 01:32:08 [INFO]   [Train] Processed 12,800,000/19,487,126 edges...
2026-08-20 01:39:25 [INFO]   [Train] Processed 14,080,000/19,487,126 edges...
2026-08-20 01:46:58 [INFO]   [Train] Processed 15,360,000/19,487,126 edges...
2026-08-20 01:54:49 [INFO]   [Train] Processed 16,640,000/19,487,126 edges...
2026-08-20 02:06:03 [INFO]   [Train] Processed 17,920,000/19,487,126 edges...
2026-08-20 02:19:29 [INFO]   [Train] Processed 19,200,000/19,487,126 edges...
2026-08-20 02:23:33 [INFO]   [Train] Processed 19,487,126/19,487,126 edges. Done.
2026-08-20 02:23:33 [INFO] [SnapML] Extracting features for Val (Batch Size=128)...
2026-08-20 02:28:54 [INFO]   [Val] Processed 1,280,000/5,520,883 edges...
2026-08-20 02:31:30 [INFO]   [Val] Processed 2,560,000/5,520,883 edges...
2026-08-20 02:37:44 [INFO]   [Val] Processed 3,840,000/5,520,883 edges...
2026-08-20 02:45:27 [INFO]   [Val] Processed 5,120,000/5,520,883 edges...
2026-08-20 02:47:52 [INFO]   [Val] Processed 5,520,883/5,520,883 edges. Done.
2026-08-20 02:47:52 [INFO] [SnapML] Extracting features for Test (Batch Size=128)...
2026-08-20 02:56:00 [INFO]   [Test] Processed 1,280,000/6,890,229 edges...
2026-08-20 03:04:10 [INFO]   [Test] Processed 2,560,000/6,890,229 edges...
2026-08-20 03:12:07 [INFO]   [Test] Processed 3,840,000/6,890,229 edges...
2026-08-20 03:24:39 [INFO]   [Test] Processed 5,120,000/6,890,229 edges...
2026-08-20 03:40:09 [INFO]   [Test] Processed 6,400,000/6,890,229 edges...
2026-08-20 03:48:25 [INFO]   [Test] Processed 6,890,229/6,890,229 edges. Done.
2026-08-20 03:48:25 [WARNING] [SnapML] Feature shape mismatch. Expected 16, got 224
2026-08-21 09:49:50 [INFO] Starting Ultimate SOTA AML Pipeline...
2026-08-21 09:50:44 [INFO] [Load] 31,898,238 transactions loaded.
2026-08-21 09:53:10 [INFO] [Entity] Join Match Rate: 100.00% mapped.
2026-08-21 09:53:10 [INFO] [Entity] Found 2,657,620 same-entity transfers.
2026-08-21 09:53:48 [INFO] [Split] Train: 9 days, Val: 4 days, Test: 15 days.
2026-08-21 09:57:34 [INFO] [SnapML] Initializing Graph Feature Preprocessor...
2026-08-21 09:57:35 [INFO] [SnapML] Extracting features for Train (Batch Size=4096)...
2026-08-21 09:57:56 [INFO]   [Train] Processed 2,048,000/19,487,126 edges...
2026-08-21 09:59:51 [INFO]   [Train] Processed 4,096,000/19,487,126 edges...
2026-08-21 10:08:21 [INFO]   [Train] Processed 6,144,000/19,487,126 edges...
2026-08-21 10:19:10 [INFO]   [Train] Processed 8,192,000/19,487,126 edges...
2026-08-21 10:21:12 [INFO]   [Train] Processed 10,240,000/19,487,126 edges...
2026-08-21 10:25:49 [INFO]   [Train] Processed 12,288,000/19,487,126 edges...
2026-08-21 10:31:01 [INFO]   [Train] Processed 14,336,000/19,487,126 edges...
2026-08-21 10:36:36 [INFO]   [Train] Processed 16,384,000/19,487,126 edges...
2026-08-21 10:44:00 [INFO]   [Train] Processed 18,432,000/19,487,126 edges...
2026-08-21 10:49:16 [INFO]   [Train] Processed 19,487,126/19,487,126 edges. Done.
2026-08-21 10:49:17 [INFO] [SnapML] Extracting features for Val (Batch Size=4096)...
2026-08-21 10:52:08 [INFO]   [Val] Processed 2,048,000/5,520,883 edges...
2026-08-21 10:56:05 [INFO]   [Val] Processed 4,096,000/5,520,883 edges...
2026-08-21 10:59:26 [INFO]   [Val] Processed 5,520,883/5,520,883 edges. Done.
2026-08-21 10:59:26 [INFO] [SnapML] Extracting features for Test (Batch Size=4096)...
2026-08-21 11:04:50 [INFO]   [Test] Processed 2,048,000/6,890,229 edges...
2026-08-21 11:10:17 [INFO]   [Test] Processed 4,096,000/6,890,229 edges...
2026-08-21 11:18:53 [INFO]   [Test] Processed 6,144,000/6,890,229 edges...
2026-08-21 11:24:06 [INFO]   [Test] Processed 6,890,229/6,890,229 edges. Done.
2026-08-21 11:24:06 [WARNING] [SnapML] Feature shape mismatch. Expected 6, got 134
2026-08-22 01:34:00 [INFO] Starting Ultimate SOTA AML Pipeline (16 Cores / 128GB RAM)...
2026-08-22 01:34:56 [INFO] [Load] 31,898,238 transactions loaded.
2026-08-22 01:37:23 [INFO] [Entity] Join Match Rate: 100.00% mapped.
2026-08-22 01:37:23 [INFO] [Entity] Found 2,657,620 same-entity transfers.
2026-08-22 01:38:01 [INFO] [Split] Train: 9 days, Val: 4 days, Test: 15 days.
2026-08-22 01:41:46 [INFO] [SnapML] Initializing Graph Feature Preprocessor (Max Performance)...
2026-08-22 01:41:46 [INFO] [SnapML] Extracting features for Train (Batch Size=1024)...
2026-08-22 01:41:47 [INFO] [SnapML] Detected 224 features per edge. Allocating memory...
2026-08-22 01:42:17 [INFO]   [Train] Processed 2,048,000/19,487,126 edges...
2026-08-22 01:44:56 [INFO]   [Train] Processed 4,096,000/19,487,126 edges...
2026-08-22 01:56:37 [INFO]   [Train] Processed 6,144,000/19,487,126 edges...
2026-08-22 02:11:12 [INFO]   [Train] Processed 8,192,000/19,487,126 edges...
2026-08-22 02:14:06 [INFO]   [Train] Processed 10,240,000/19,487,126 edges...
2026-08-22 02:20:39 [INFO]   [Train] Processed 12,288,000/19,487,126 edges...
2026-08-22 02:28:00 [INFO]   [Train] Processed 14,336,000/19,487,126 edges...
2026-08-22 02:35:30 [INFO]   [Train] Processed 16,384,000/19,487,126 edges...
2026-08-22 02:46:05 [INFO]   [Train] Processed 18,432,000/19,487,126 edges...
2026-08-22 02:53:32 [INFO]   [Train] Processed 19,487,126/19,487,126 edges. Done.
2026-08-22 02:53:32 [INFO] [SnapML] Extracting features for Val (Batch Size=1024)...
2026-08-22 02:53:32 [INFO] [SnapML] Detected 224 features per edge. Allocating memory...
2026-08-22 02:57:43 [INFO]   [Val] Processed 2,048,000/5,520,883 edges...
2026-08-22 03:03:21 [INFO]   [Val] Processed 4,096,000/5,520,883 edges...
2026-08-22 03:08:10 [INFO]   [Val] Processed 5,520,883/5,520,883 edges. Done.
2026-08-22 03:08:10 [INFO] [SnapML] Extracting features for Test (Batch Size=1024)...
2026-08-22 03:08:10 [INFO] [SnapML] Detected 224 features per edge. Allocating memory...
2026-08-22 03:15:33 [INFO]   [Test] Processed 2,048,000/6,890,229 edges...
2026-08-22 03:23:44 [INFO]   [Test] Processed 4,096,000/6,890,229 edges...
2026-08-22 03:36:58 [INFO]   [Test] Processed 6,144,000/6,890,229 edges...
2026-08-22 03:44:33 [INFO]   [Test] Processed 6,890,229/6,890,229 edges. Done.
2026-08-22 03:45:21 [INFO] [SnapML] Pattern mining completed successfully!
2026-08-22 03:45:31 [INFO] [Assembly] Final Feature Matrix Shape: (31898238, 247)
2026-08-22 03:45:31 [INFO] Features extracted: 247
2026-08-22 03:57:26 [INFO] Starting Ultimate SOTA AML Pipeline (16 Cores / 128GB RAM)...
2026-08-22 03:58:23 [INFO] [Load] 31,898,238 transactions loaded.
2026-08-22 04:00:49 [INFO] [Entity] Join Match Rate: 100.00% mapped.
2026-08-22 04:00:49 [INFO] [Entity] Found 2,657,620 same-entity transfers.
2026-08-22 04:01:27 [INFO] [Split] Train: 9 days, Val: 4 days, Test: 15 days.
2026-08-22 04:05:12 [INFO] [SnapML] Initializing Graph Feature Preprocessor (Max Performance)...
2026-08-22 04:05:13 [INFO] [SnapML] Extracting features for Train (Batch Size=1024)...
2026-08-22 04:05:13 [INFO] [SnapML] Detected 224 features per edge. Allocating memory...
2026-08-22 04:05:43 [INFO]   [Train] Processed 2,048,000/19,487,126 edges...
2026-08-22 04:08:23 [INFO]   [Train] Processed 4,096,000/19,487,126 edges...
2026-08-22 04:20:26 [INFO]   [Train] Processed 6,144,000/19,487,126 edges...
2026-08-22 04:34:37 [INFO]   [Train] Processed 8,192,000/19,487,126 edges...
2026-08-22 04:37:24 [INFO]   [Train] Processed 10,240,000/19,487,126 edges...
2026-08-22 04:43:37 [INFO]   [Train] Processed 12,288,000/19,487,126 edges...
2026-08-22 04:50:41 [INFO]   [Train] Processed 14,336,000/19,487,126 edges...
2026-08-22 04:57:58 [INFO]   [Train] Processed 16,384,000/19,487,126 edges...
2026-08-22 05:08:05 [INFO]   [Train] Processed 18,432,000/19,487,126 edges...
2026-08-22 05:15:18 [INFO]   [Train] Processed 19,487,126/19,487,126 edges. Done.
2026-08-22 05:15:18 [INFO] [SnapML] Extracting features for Val (Batch Size=1024)...
2026-08-22 05:15:18 [INFO] [SnapML] Detected 224 features per edge. Allocating memory...
2026-08-22 05:19:41 [INFO]   [Val] Processed 2,048,000/5,520,883 edges...
2026-08-22 05:25:39 [INFO]   [Val] Processed 4,096,000/5,520,883 edges...
2026-08-22 05:30:38 [INFO]   [Val] Processed 5,520,883/5,520,883 edges. Done.
2026-08-22 05:30:38 [INFO] [SnapML] Extracting features for Test (Batch Size=1024)...
2026-08-22 05:30:39 [INFO] [SnapML] Detected 224 features per edge. Allocating memory...
2026-08-22 05:37:44 [INFO]   [Test] Processed 2,048,000/6,890,229 edges...
2026-08-22 05:45:38 [INFO]   [Test] Processed 4,096,000/6,890,229 edges...
2026-08-22 05:58:51 [INFO]   [Test] Processed 6,144,000/6,890,229 edges...
2026-08-22 06:06:20 [INFO]   [Test] Processed 6,890,229/6,890,229 edges. Done.
2026-08-22 06:07:08 [INFO] [SnapML] Pattern mining completed successfully!
2026-08-22 06:07:11 [INFO] [Assembly] Final Feature Matrix Shape: (31,898,238, 247)
2026-08-22 06:07:11 [INFO] Features extracted: 247
2026-08-22 06:07:11 [INFO] Saving XGBoost data...
2026-08-22 06:07:11 [WARNING] Parquet failed (`Import pyarrow` failed. pyarrow is required for parquet support. Use pip or conda to install the pyarrow package.), falling back to CSV...
2026-08-22 07:22:27 [INFO] Saved XGBoost data to processed_data
2026-08-22 07:22:49 [INFO] Extracting arrays for PyTorch (Zero-Copy)...
2026-08-22 07:22:55 [INFO] Creating PyTorch Tensors...
2026-08-22 07:22:56 [INFO] Building PyG Plain Data...
2026-08-22 09:27:13 [INFO] Starting Ultimate SOTA AML Pipeline (16 Cores / 128GB RAM)...
2026-08-22 09:28:13 [INFO] [Load] 31,898,238 transactions loaded.
2026-08-22 09:29:41 [INFO] [Entity] Join Match Rate: 100.00% mapped.
2026-08-22 09:29:41 [INFO] [Entity] Found 2,657,620 same-entity transfers.
2026-08-22 09:30:20 [INFO] [Split] Train: 9 days, Val: 4 days, Test: 15 days.
2026-08-22 09:34:23 [INFO] [SnapML] Initializing Graph Feature Preprocessor (Max Performance)...
2026-08-22 09:34:24 [INFO] [SnapML] Extracting features for Train (Batch Size=1024)...
2026-08-22 09:34:24 [INFO] [SnapML] Detected 224 features per edge. Allocating memory...
2026-08-22 09:34:55 [INFO]   [Train] Processed 2,048,000/19,487,126 edges...
2026-08-22 09:37:33 [INFO]   [Train] Processed 4,096,000/19,487,126 edges...
2026-08-22 09:49:48 [INFO]   [Train] Processed 6,144,000/19,487,126 edges...
2026-08-22 10:05:16 [INFO]   [Train] Processed 8,192,000/19,487,126 edges...
2026-08-22 10:08:20 [INFO]   [Train] Processed 10,240,000/19,487,126 edges...
2026-08-22 10:15:17 [INFO]   [Train] Processed 12,288,000/19,487,126 edges...
2026-08-22 10:23:04 [INFO]   [Train] Processed 14,336,000/19,487,126 edges...
2026-08-22 10:31:00 [INFO]   [Train] Processed 16,384,000/19,487,126 edges...
2026-08-22 10:42:18 [INFO]   [Train] Processed 18,432,000/19,487,126 edges...
2026-08-22 10:50:11 [INFO]   [Train] Processed 19,487,126/19,487,126 edges. Done.
2026-08-22 10:50:11 [INFO] [SnapML] Extracting features for Val (Batch Size=1024)...
2026-08-22 10:50:12 [INFO] [SnapML] Detected 224 features per edge. Allocating memory...
2026-08-22 10:55:00 [INFO]   [Val] Processed 2,048,000/5,520,883 edges...
2026-08-22 11:01:09 [INFO]   [Val] Processed 4,096,000/5,520,883 edges...
2026-08-22 11:06:17 [INFO]   [Val] Processed 5,520,883/5,520,883 edges. Done.
2026-08-22 11:06:17 [INFO] [SnapML] Extracting features for Test (Batch Size=1024)...
2026-08-22 11:06:17 [INFO] [SnapML] Detected 224 features per edge. Allocating memory...
2026-08-22 11:14:38 [INFO]   [Test] Processed 2,048,000/6,890,229 edges...
2026-08-22 11:23:41 [INFO]   [Test] Processed 4,096,000/6,890,229 edges...
2026-08-22 11:37:37 [INFO]   [Test] Processed 6,144,000/6,890,229 edges...
2026-08-22 11:45:28 [INFO]   [Test] Processed 6,890,229/6,890,229 edges. Done.
2026-08-22 11:46:15 [INFO] [SnapML] Pattern mining completed successfully!
2026-08-22 11:46:20 [INFO] [Assembly] Final Feature Matrix Shape: (31,898,238, 247)
2026-08-22 11:46:20 [INFO] Features extracted: 247
2026-08-22 11:46:20 [INFO] Saving XGBoost data...
2026-08-22 11:47:53 [INFO] Saved XGBoost data to processed_data
2026-08-22 11:47:55 [INFO] Extracting arrays for PyTorch (Zero-Copy)...
2026-08-22 11:48:02 [INFO] Creating PyTorch Tensors...
2026-08-22 11:48:03 [INFO] Saving edge_index.pt...
2026-08-22 11:48:04 [INFO] Saving edge_attr.pt...
2026-08-22 11:50:02 [INFO] Saving y.pt...
2026-08-22 11:50:03 [INFO] Saving masks.pt...
2026-08-22 11:50:04 [INFO] Saved PyG components successfully to processed_data
2026-08-22 11:50:04 [INFO] NOTE: For HeteroData (Multi-PNA), edge_attr will be cloned and swapped dynamically during training.
2026-08-22 11:50:04 [INFO] ✅ Ultimate SOTA Pipeline completed successfully!
2026-08-24 16:24:16 [INFO] Starting Ultimate SOTA AML Pipeline (16 Cores / 128GB RAM)...
2026-08-24 16:25:16 [INFO] [Load] 31,898,238 transactions loaded.
2026-08-24 16:26:44 [INFO] [Entity] Join Match Rate: 100.00% mapped.
2026-08-24 16:26:44 [INFO] [Entity] Found 2,657,620 same-entity transfers.
2026-08-24 16:27:22 [INFO] [Split] Train: 9 days, Val: 4 days, Test: 15 days.
2026-08-24 16:31:25 [INFO] [SnapML] Initializing Graph Feature Preprocessor (Max Performance)...
2026-08-24 16:31:26 [INFO] [SnapML] Extracting features for train (Batch Size=50000)...
2026-08-24 16:32:19 [INFO]   [train] Processed 2,500,000/19,487,126 edges...
2026-08-24 16:36:39 [INFO]   [train] Processed 5,000,000/19,487,126 edges...
2026-08-24 16:47:22 [INFO]   [train] Processed 7,500,000/19,487,126 edges...
2026-08-24 16:53:17 [INFO]   [train] Processed 10,000,000/19,487,126 edges...
2026-08-24 17:00:26 [INFO]   [train] Processed 12,500,000/19,487,126 edges...
2026-08-24 17:08:48 [INFO]   [train] Processed 15,000,000/19,487,126 edges...
2026-08-24 17:17:59 [INFO]   [train] Processed 17,500,000/19,487,126 edges...
2026-08-24 17:24:52 [INFO]   [train] Processed 19,487,126/19,487,126 edges. Done.
2026-08-24 17:24:52 [INFO] [SnapML] Extracting features for val (Batch Size=50000)...
2026-08-24 17:30:08 [INFO]   [val] Processed 2,500,000/5,520,883 edges...
2026-08-24 17:37:18 [INFO]   [val] Processed 5,000,000/5,520,883 edges...
2026-08-24 17:38:54 [INFO]   [val] Processed 5,520,883/5,520,883 edges. Done.
2026-08-24 17:38:54 [INFO] [SnapML] Extracting features for test (Batch Size=50000)...
2026-08-24 17:48:25 [INFO]   [test] Processed 2,500,000/6,890,229 edges...
2026-08-24 17:57:05 [INFO]   [test] Processed 5,000,000/6,890,229 edges...
2026-08-24 18:04:55 [INFO]   [test] Processed 6,890,229/6,890,229 edges. Done.
2026-08-24 18:04:55 [INFO] [SnapML] Merging GFP chunks into DataFrame...
2026-08-24 18:05:38 [INFO] [SnapML] Pattern mining completed successfully!
2026-08-24 18:05:42 [INFO] [Assembly] Final Feature Matrix Shape: (31,898,238, 247)
2026-08-24 18:05:42 [INFO] Features extracted: 247
2026-08-24 18:05:42 [INFO] Saving XGBoost data...
2026-08-24 18:07:26 [INFO] Saved XGBoost data to processed_data
2026-08-24 18:07:27 [INFO] Extracting arrays for PyTorch (Zero-Copy)...
2026-08-24 18:07:36 [INFO] Creating PyTorch Tensors...
2026-08-24 18:07:37 [INFO] Saving edge_index.pt...
2026-08-24 18:07:40 [INFO] Saving edge_attr.pt...
2026-08-24 18:10:24 [INFO] Saving y.pt...
2026-08-24 18:10:25 [INFO] Saving masks.pt...
2026-08-24 18:10:26 [INFO] Saved PyG components successfully to processed_data
2026-08-24 18:10:26 [INFO] NOTE: For HeteroData (Multi-PNA), edge_attr will be cloned and swapped dynamically during training.
2026-08-24 18:10:26 [INFO] ✅ Ultimate SOTA Pipeline completed successfully!
2026-08-24 20:09:53 [INFO] Starting Ultimate SOTA AML Pipeline (16 Cores / 128GB RAM)...
2026-08-24 20:10:39 [INFO] [Load] 31,898,238 transactions loaded.
2026-08-24 20:12:05 [INFO] [Entity] Join Match Rate: 100.00% mapped.
2026-08-24 20:12:05 [INFO] [Entity] Found 2,657,620 same-entity transfers.
2026-08-24 20:12:43 [INFO] [Split] Train: 9 days, Val: 4 days, Test: 15 days.
2026-08-24 20:16:44 [INFO] [SnapML] Initializing Graph Feature Preprocessor (Strict Causal - Paper Aligned)...
2026-08-24 20:16:45 [INFO] [SnapML] Extracting features for train (Batch Size=128)...
2026-08-24 20:28:23 [INFO]   [train] Processed 1,280,000/19,487,126 edges...
2026-08-24 20:42:00 [INFO]   [train] Processed 2,560,000/19,487,126 edges...
2026-08-24 20:58:50 [INFO]   [train] Processed 3,840,000/19,487,126 edges...
2026-08-24 21:22:13 [INFO]   [train] Processed 5,120,000/19,487,126 edges...
2026-08-24 21:49:41 [INFO]   [train] Processed 6,400,000/19,487,126 edges...
2026-08-24 22:20:20 [INFO]   [train] Processed 7,680,000/19,487,126 edges...
2026-08-24 22:39:09 [INFO]   [train] Processed 8,960,000/19,487,126 edges...
2026-08-24 22:56:19 [INFO]   [train] Processed 10,240,000/19,487,126 edges...
2026-08-24 23:16:39 [INFO]   [train] Processed 11,520,000/19,487,126 edges...
2026-08-24 23:37:26 [INFO]   [train] Processed 12,800,000/19,487,126 edges...
2026-08-24 23:59:40 [INFO]   [train] Processed 14,080,000/19,487,126 edges...
2026-08-25 00:21:15 [INFO]   [train] Processed 15,360,000/19,487,126 edges...
2026-08-25 00:43:01 [INFO]   [train] Processed 16,640,000/19,487,126 edges...
2026-08-25 01:07:34 [INFO]   [train] Processed 17,920,000/19,487,126 edges...
2026-08-25 01:34:08 [INFO]   [train] Processed 19,200,000/19,487,126 edges...
2026-08-25 01:41:09 [INFO]   [train] Processed 19,487,126/19,487,126 edges. Done.
2026-08-25 01:41:09 [INFO] [SnapML] Extracting features for val (Batch Size=128)...
2026-08-25 02:01:03 [INFO]   [val] Processed 1,280,000/5,520,883 edges...
2026-08-25 02:18:17 [INFO]   [val] Processed 2,560,000/5,520,883 edges...
2026-08-25 02:38:02 [INFO]   [val] Processed 3,840,000/5,520,883 edges...
2026-08-25 02:59:16 [INFO]   [val] Processed 5,120,000/5,520,883 edges...
2026-08-25 03:05:46 [INFO]   [val] Processed 5,520,883/5,520,883 edges. Done.
2026-08-25 03:05:46 [INFO] [SnapML] Extracting features for test (Batch Size=128)...
2026-08-25 03:28:03 [INFO]   [test] Processed 1,280,000/6,890,229 edges...
2026-08-25 03:50:03 [INFO]   [test] Processed 2,560,000/6,890,229 edges...
2026-08-25 04:11:59 [INFO]   [test] Processed 3,840,000/6,890,229 edges...
2026-08-25 04:37:17 [INFO]   [test] Processed 5,120,000/6,890,229 edges...
2026-08-25 05:05:20 [INFO]   [test] Processed 6,400,000/6,890,229 edges...
2026-08-25 05:18:15 [INFO]   [test] Processed 6,890,229/6,890,229 edges. Done.
2026-08-25 05:18:15 [INFO] [SnapML] Merging GFP chunks into DataFrame...
2026-08-25 06:42:29 [INFO] [SnapML] Pattern mining completed successfully! Data is Production-Ready.
2026-08-25 06:42:33 [INFO] [Assembly] Final Feature Matrix Shape: (31,898,238, 247)
2026-08-25 06:42:33 [INFO] Features extracted: 247
2026-08-25 06:42:33 [INFO] Saving XGBoost data...
2026-08-25 06:44:12 [INFO] Saved XGBoost data to processed_data
2026-08-25 06:44:14 [INFO] Extracting arrays for PyTorch (Zero-Copy)...
2026-08-25 06:44:23 [INFO] Creating PyTorch Tensors...
2026-08-25 06:44:24 [INFO] Saving edge_index.pt...
2026-08-25 06:44:27 [INFO] Saving edge_attr.pt...
2026-08-25 06:47:09 [INFO] Saving y.pt...
2026-08-25 06:47:11 [INFO] Saving masks.pt...
2026-08-25 06:47:11 [INFO] Saved PyG components successfully to processed_data
2026-08-25 06:47:11 [INFO] NOTE: For HeteroData (Multi-PNA), edge_attr will be cloned and swapped dynamically during training.
2026-08-25 06:47:12 [INFO] ✅ Ultimate SOTA Pipeline completed successfully!
2026-08-28 14:21:58 [INFO] ============================================================
2026-08-28 14:21:58 [INFO] AML Preprocessing (single-file) | HI-Medium_Trans.csv
2026-08-28 14:21:58 [INFO] entity=ON (saved for L3)
2026-08-28 14:21:58 [INFO] Free disk: 174 GB
2026-08-28 14:21:58 [INFO] ============================================================
2026-08-28 14:21:58 [INFO] ============================================================
2026-08-28 14:21:58 [INFO] [Tests] تشغيل الاختبارات الذاتية...
2026-08-28 14:21:58 [INFO]   ✓ PASS: td_out alignment + is_first_out
2026-08-28 14:21:58 [INFO]   ✓ PASS: td_in alignment
2026-08-28 14:21:58 [INFO]   ✓ PASS: causal priors
2026-08-28 14:21:58 [INFO]   ✓ PASS: feature sets registry
2026-08-28 14:21:58 [INFO] [Tests] ✅ ALL TESTS PASSED
2026-08-28 14:21:58 [INFO] ============================================================
2026-08-28 14:22:44 [INFO] [Load] 31,898,238 tx | illicit 35,230 (0.110%)
2026-08-28 14:23:22 [INFO] [Clean] 31,898,238 rows | 2022-09-01 00:00:00 → 2022-09-28 15:58:00
2026-08-28 14:23:50 [INFO] [Nodes] 2,077,023 unique accounts
2026-08-28 14:24:00 [INFO] [Split] day boundaries: train<9 ≤ val<13 ≤ test
2026-08-28 14:24:02 [INFO] [Split] train: 19,487,126 (61.1%) | illicit 15,713 (0.081%)
2026-08-28 14:24:02 [INFO] [Split] val  : 5,520,883 (17.3%) | illicit 8,501 (0.154%)
2026-08-28 14:24:03 [INFO] [Split] test : 6,890,229 (21.6%) | illicit 11,016 (0.160%)
2026-08-28 14:28:42 [INFO] [Entity] match 100.00% | same-entity 2,657,620 | illicit-lift 0.0x  ← يحدد حجم تجربة L3
2026-08-28 16:29:43 [INFO] ============================================================
2026-08-28 16:29:43 [INFO] AML Preprocessing (single-file) | HI-Medium_Trans.csv
2026-08-28 16:29:43 [INFO] entity=ON (saved for L3)
2026-08-28 16:29:43 [INFO] Free disk: 174 GB
2026-08-28 16:29:43 [INFO] ============================================================
2026-08-28 16:29:43 [INFO] ============================================================
2026-08-28 16:29:43 [INFO] [Tests] تشغيل الاختبارات الذاتية...
2026-08-28 16:29:43 [INFO]   ✓ PASS: td_out alignment + is_first_out
2026-08-28 16:29:43 [INFO]   ✓ PASS: td_in alignment
2026-08-28 16:29:43 [INFO]   ✓ PASS: causal priors
2026-08-28 16:29:43 [INFO]   ✓ PASS: feature sets registry
2026-08-28 16:29:43 [INFO] [Tests] ✅ ALL TESTS PASSED
2026-08-28 16:29:43 [INFO] ============================================================
2026-08-28 16:30:28 [INFO] [Load] 31,898,238 tx | illicit 35,230 (0.110%)
2026-08-28 16:31:06 [INFO] [Clean] 31,898,238 rows | 2022-09-01 00:00:00 → 2022-09-28 15:58:00
2026-08-28 16:31:34 [INFO] [Nodes] 2,077,023 unique accounts
2026-08-28 16:31:45 [INFO] [Split] day boundaries: train<9 ≤ val<13 ≤ test
2026-08-28 16:31:46 [INFO] [Split] train: 19,487,126 (61.1%) | illicit 15,713 (0.081%)
2026-08-28 16:31:47 [INFO] [Split] val  : 5,520,883 (17.3%) | illicit 8,501 (0.154%)
2026-08-28 16:31:48 [INFO] [Split] test : 6,890,229 (21.6%) | illicit 11,016 (0.160%)
2026-08-28 16:36:27 [INFO] [Entity] match 100.00% | same-entity 2,657,620 | illicit-lift 0.03x  ← يحدد حجم تجربة L3
2026-08-28 16:36:28 [INFO] [GFP] active params: {'num_threads': 64, 'fan': True, 'fan_tw': 86400, 'degree': True, 'degree_tw': 86400, 'vertex_stats': True, 'vertex_stats_tw': 86400, 'scatter-gather': True, 'scatter-gather_tw': 21600, 'temp-cycle': True, 'temp-cycle_tw': 86400, 'lc-cycle': True, 'lc-cycle_len': 10, 'lc-cycle_tw': 86400}
2026-08-28 16:36:30 [INFO] [GFP] train: 19,487,126 edges | 152,244 batches (batch=128)
2026-08-28 16:36:39 [INFO]   [train] 512,000/19,487,126 (2.6%) | 0.2m | ETA 5.6m
2026-08-28 16:36:50 [INFO]   [train] 1,024,000/19,487,126 (5.3%) | 0.3m | ETA 6.3m
2026-08-28 16:37:06 [INFO]   [train] 1,536,000/19,487,126 (7.9%) | 0.6m | ETA 7.0m
2026-08-28 16:37:32 [INFO]   [train] 2,048,000/19,487,126 (10.5%) | 1.0m | ETA 8.8m
2026-08-28 16:38:08 [INFO]   [train] 2,560,000/19,487,126 (13.1%) | 1.6m | ETA 10.9m
2026-08-28 16:39:01 [INFO]   [train] 3,072,000/19,487,126 (15.8%) | 2.5m | ETA 13.5m
2026-08-28 16:40:10 [INFO]   [train] 3,584,000/19,487,126 (18.4%) | 3.7m | ETA 16.3m
2026-08-28 16:41:42 [INFO]   [train] 4,096,000/19,487,126 (21.0%) | 5.2m | ETA 19.6m
2026-08-28 16:44:06 [INFO]   [train] 4,608,000/19,487,126 (23.6%) | 7.6m | ETA 24.6m
2026-08-28 16:49:07 [INFO]   [train] 5,120,000/19,487,126 (26.3%) | 12.6m | ETA 35.4m
2026-08-28 16:54:29 [INFO]   [train] 5,632,000/19,487,126 (28.9%) | 18.0m | ETA 44.3m
2026-08-28 16:59:53 [INFO]   [train] 6,144,000/19,487,126 (31.5%) | 23.4m | ETA 50.8m
2026-08-28 17:05:40 [INFO]   [train] 6,656,000/19,487,126 (34.2%) | 29.2m | ETA 56.2m
2026-08-28 17:12:06 [INFO]   [train] 7,168,000/19,487,126 (36.8%) | 35.6m | ETA 61.2m
2026-08-28 17:17:52 [INFO]   [train] 7,680,000/19,487,126 (39.4%) | 41.4m | ETA 63.6m
2026-08-28 17:19:54 [INFO]   [train] 8,192,000/19,487,126 (42.0%) | 43.4m | ETA 59.9m
2026-08-28 17:20:40 [INFO]   [train] 8,704,000/19,487,126 (44.7%) | 44.2m | ETA 54.7m
2026-08-28 17:21:20 [INFO]   [train] 9,216,000/19,487,126 (47.3%) | 44.8m | ETA 50.0m
2026-08-28 17:22:11 [INFO]   [train] 9,728,000/19,487,126 (49.9%) | 45.7m | ETA 45.8m
2026-08-28 17:23:23 [INFO]   [train] 10,240,000/19,487,126 (52.5%) | 46.9m | ETA 42.3m
2026-08-28 17:25:03 [INFO]   [train] 10,752,000/19,487,126 (55.2%) | 48.6m | ETA 39.4m
2026-08-28 17:27:13 [INFO]   [train] 11,264,000/19,487,126 (57.8%) | 50.7m | ETA 37.0m
2026-08-28 17:29:23 [INFO]   [train] 11,776,000/19,487,126 (60.4%) | 52.9m | ETA 34.6m
2026-08-28 17:31:15 [INFO]   [train] 12,288,000/19,487,126 (63.1%) | 54.8m | ETA 32.1m
2026-08-28 17:33:11 [INFO]   [train] 12,800,000/19,487,126 (65.7%) | 56.7m | ETA 29.6m
2026-08-28 17:35:24 [INFO]   [train] 13,312,000/19,487,126 (68.3%) | 58.9m | ETA 27.3m
2026-08-28 17:37:27 [INFO]   [train] 13,824,000/19,487,126 (70.9%) | 61.0m | ETA 25.0m
2026-08-28 17:39:21 [INFO]   [train] 14,336,000/19,487,126 (73.6%) | 62.9m | ETA 22.6m
2026-08-28 17:41:27 [INFO]   [train] 14,848,000/19,487,126 (76.2%) | 65.0m | ETA 20.3m
2026-08-28 17:43:42 [INFO]   [train] 15,360,000/19,487,126 (78.8%) | 67.2m | ETA 18.1m
2026-08-28 17:45:43 [INFO]   [train] 15,872,000/19,487,126 (81.4%) | 69.2m | ETA 15.8m
2026-08-28 17:47:41 [INFO]   [train] 16,384,000/19,487,126 (84.1%) | 71.2m | ETA 13.5m
2026-08-28 17:50:00 [INFO]   [train] 16,896,000/19,487,126 (86.7%) | 73.5m | ETA 11.3m
2026-08-28 17:54:20 [INFO]   [train] 17,408,000/19,487,126 (89.3%) | 77.8m | ETA 9.3m
2026-08-28 17:59:06 [INFO]   [train] 17,920,000/19,487,126 (92.0%) | 82.6m | ETA 7.2m
2026-08-28 18:04:05 [INFO]   [train] 18,432,000/19,487,126 (94.6%) | 87.6m | ETA 5.0m
2026-08-28 18:09:03 [INFO]   [train] 18,944,000/19,487,126 (97.2%) | 92.6m | ETA 2.7m
2026-08-28 18:15:01 [INFO]   [train] 19,456,000/19,487,126 (99.8%) | 98.5m | ETA 0.2m
2026-08-28 18:15:26 [INFO]   [train] 19,487,232/19,487,126 (100.0%) | 98.9m | ETA -0.0m
2026-08-28 18:15:26 [INFO] [GFP] train ✓ done in 98.9m
2026-08-28 18:15:26 [INFO] [GFP] val: 5,520,883 edges | 43,132 batches (batch=128)
2026-08-28 18:17:52 [INFO]   [val] 512,000/5,520,883 (9.3%) | 2.4m | ETA 23.8m
2026-08-28 18:18:56 [INFO]   [val] 1,024,000/5,520,883 (18.5%) | 3.5m | ETA 15.3m
2026-08-28 18:19:39 [INFO]   [val] 1,536,000/5,520,883 (27.8%) | 4.2m | ETA 10.9m
2026-08-28 18:20:25 [INFO]   [val] 2,048,000/5,520,883 (37.1%) | 5.0m | ETA 8.4m
2026-08-28 18:21:29 [INFO]   [val] 2,560,000/5,520,883 (46.4%) | 6.0m | ETA 7.0m
2026-08-28 18:22:52 [INFO]   [val] 3,072,000/5,520,883 (55.6%) | 7.4m | ETA 5.9m
2026-08-28 18:24:50 [INFO]   [val] 3,584,000/5,520,883 (64.9%) | 9.4m | ETA 5.1m
2026-08-28 18:27:06 [INFO]   [val] 4,096,000/5,520,883 (74.2%) | 11.7m | ETA 4.1m
2026-08-28 18:29:04 [INFO]   [val] 4,608,000/5,520,883 (83.5%) | 13.6m | ETA 2.7m
2026-08-28 18:30:58 [INFO]   [val] 5,120,000/5,520,883 (92.7%) | 15.5m | ETA 1.2m
2026-08-28 18:32:38 [INFO]   [val] 5,520,896/5,520,883 (100.0%) | 17.2m | ETA -0.0m
2026-08-28 18:32:38 [INFO] [GFP] val ✓ done in 17.2m
2026-08-28 18:32:38 [INFO] [GFP] test: 6,890,229 edges | 53,830 batches (batch=128)
2026-08-28 18:34:52 [INFO]   [test] 512,000/6,890,229 (7.4%) | 2.2m | ETA 27.8m
2026-08-28 18:36:45 [INFO]   [test] 1,024,000/6,890,229 (14.9%) | 4.1m | ETA 23.6m
2026-08-28 18:38:41 [INFO]   [test] 1,536,000/6,890,229 (22.3%) | 6.1m | ETA 21.1m
2026-08-28 18:40:50 [INFO]   [test] 2,048,000/6,890,229 (29.7%) | 8.2m | ETA 19.4m
2026-08-28 18:43:08 [INFO]   [test] 2,560,000/6,890,229 (37.2%) | 10.5m | ETA 17.8m
2026-08-28 18:45:04 [INFO]   [test] 3,072,000/6,890,229 (44.6%) | 12.4m | ETA 15.4m
2026-08-28 18:47:03 [INFO]   [test] 3,584,000/6,890,229 (52.0%) | 14.4m | ETA 13.3m
2026-08-28 18:49:56 [INFO]   [test] 4,096,000/6,890,229 (59.4%) | 17.3m | ETA 11.8m
2026-08-28 18:54:22 [INFO]   [test] 4,608,000/6,890,229 (66.9%) | 21.7m | ETA 10.8m
2026-08-28 18:59:23 [INFO]   [test] 5,120,000/6,890,229 (74.3%) | 26.7m | ETA 9.2m
2026-08-28 19:04:41 [INFO]   [test] 5,632,000/6,890,229 (81.7%) | 32.0m | ETA 7.2m
2026-08-28 19:10:29 [INFO]   [test] 6,144,000/6,890,229 (89.2%) | 37.9m | ETA 4.6m
2026-08-28 19:17:13 [INFO]   [test] 6,656,000/6,890,229 (96.6%) | 44.6m | ETA 1.6m
2026-08-28 19:20:42 [INFO]   [test] 6,890,240/6,890,229 (100.0%) | 48.1m | ETA -0.0m
2026-08-28 19:20:42 [INFO] [GFP] test ✓ done in 48.1m
2026-08-28 19:20:49 [INFO] [GFP] ✓ 224 gfp columns  ← قارنه بالقديم (224)
2026-08-28 19:21:11 [INFO] ============================================================
2026-08-28 19:21:11 [INFO] [Sanity] بوابات الجودة:
2026-08-28 19:21:11 [INFO]   ✓ is_first_out 6.31% | is_first_in 5.30%
2026-08-28 19:21:11 [INFO]   ✓ td values منطقية
2026-08-28 19:21:19 [INFO]   ✓ صفر NULLs في الـ features
2026-08-28 19:21:19 [INFO] ============================================================
2026-08-28 19:21:19 [INFO] [Assembly] Feature matrix: (31,898,238 × 247)
2026-08-28 19:22:59 [INFO] [Assembly] ✓ features_all.parquet
2026-08-28 19:23:00 [INFO] [Assembly] ✓ node_to_idx.parquet
2026-08-28 19:23:06 [INFO] [Assembly] ✓ edge_metadata.parquet
2026-08-28 19:23:06 [INFO] [Assembly] ✓ feature_metadata.json | groups: {'basic': 10, 'gfp': 224, 'structural': 6, 'causal': 6, 'entity': 1}
2026-08-28 19:23:12 [INFO] [Assembly] ✓ edge_index / y / masks (.pt)
2026-08-28 19:23:12 [INFO] [Assembly] xgb_L0   → 234 features
2026-08-28 19:23:12 [INFO] [Assembly] xgb_L1   → 240 features
2026-08-28 19:23:12 [INFO] [Assembly] xgb_L2   → 246 features
2026-08-28 19:23:12 [INFO] [Assembly] xgb_L3   → 247 features
2026-08-28 19:23:12 [INFO] [Assembly] gnn_L0   →  10 features
2026-08-28 19:23:12 [INFO] [Assembly] gnn_L1   → 234 features
2026-08-28 19:23:12 [INFO] [Assembly] gnn_L2   → 246 features
2026-08-28 19:23:12 [INFO] [Assembly] gnn_L3   → 247 features
2026-08-28 19:23:13 [WARNING] [Patterns] الملف غير موجود: /home/jovyan/Ahmed Magdi work/data/HI-Medium_Patterns.txt — تخطي
2026-08-28 19:23:13 [INFO] ✅ Completed in 2.89 hours
2026-08-28 20:52:36 [INFO] ============================================================
2026-08-28 20:52:36 [INFO] AML Preprocessing (single-file v3) | HI-Medium_Trans.csv
2026-08-28 20:52:36 [INFO] entity=ON (saved for L3)
2026-08-28 20:52:36 [INFO] vertex_stats_cols = [3, 4, 6] (Timestamp + Amounts)
2026-08-28 20:52:36 [INFO] Free disk: 170 GB
2026-08-28 20:52:36 [INFO] ============================================================
2026-08-28 20:52:36 [INFO] ============================================================
2026-08-28 20:52:36 [INFO] [Tests] تشغيل الاختبارات الذاتية...
2026-08-28 20:52:36 [INFO]   ✓ PASS: td_out alignment + is_first_out
2026-08-28 20:52:36 [INFO]   ✓ PASS: td_in alignment
2026-08-28 20:52:36 [INFO]   ✓ PASS: causal priors
2026-08-28 20:52:36 [INFO]   ✓ PASS: feature sets registry
2026-08-28 20:52:36 [INFO] [Tests] ✅ ALL TESTS PASSED
2026-08-28 20:52:36 [INFO] ============================================================
2026-08-28 20:53:22 [INFO] [Load] 31,898,238 tx | illicit 35,230 (0.110%)
2026-08-28 20:53:59 [INFO] [Clean] 31,898,238 rows | 2022-09-01 00:00:00 → 2022-09-28 15:58:00
2026-08-28 20:54:27 [INFO] [Nodes] 2,077,023 unique accounts
2026-08-28 20:54:37 [INFO] [Split] day boundaries: train<9 ≤ val<13 ≤ test
2026-08-28 20:54:39 [INFO] [Split] train: 19,487,126 (61.1%) | illicit 15,713 (0.081%)
2026-08-28 20:54:40 [INFO] [Split] val  : 5,520,883 (17.3%) | illicit 8,501 (0.154%)
2026-08-28 20:54:41 [INFO] [Split] test : 6,890,229 (21.6%) | illicit 11,016 (0.160%)
2026-08-28 20:59:17 [INFO] [Entity] match 100.00% | same-entity 2,657,620 | illicit-lift 0.03x  ← يحدد حجم تجربة L3
2026-08-28 20:59:18 [INFO] [GFP] active params: {'num_threads': 64, 'fan': True, 'fan_tw': 86400, 'degree': True, 'degree_tw': 86400, 'vertex_stats': True, 'vertex_stats_tw': 86400, 'vertex_stats_cols': [3, 4, 6], 'scatter-gather': True, 'scatter-gather_tw': 21600, 'temp-cycle': True, 'temp-cycle_tw': 86400, 'lc-cycle': True, 'lc-cycle_len': 10, 'lc-cycle_tw': 86400}
2026-08-28 20:59:19 [INFO] [GFP] train: 19,487,126 edges | 152,244 batches (batch=128)
2026-08-28 20:59:30 [INFO]   [train] 512,000/19,487,126 (2.6%) | 0.2m | ETA 6.5m
2026-08-28 20:59:43 [INFO]   [train] 1,024,000/19,487,126 (5.3%) | 0.4m | ETA 7.1m
2026-08-28 20:59:59 [INFO]   [train] 1,536,000/19,487,126 (7.9%) | 0.7m | ETA 7.8m
2026-08-28 21:00:26 [INFO]   [train] 2,048,000/19,487,126 (10.5%) | 1.1m | ETA 9.5m
2026-08-28 21:01:04 [INFO]   [train] 2,560,000/19,487,126 (13.1%) | 1.7m | ETA 11.5m
2026-08-28 21:02:00 [INFO]   [train] 3,072,000/19,487,126 (15.8%) | 2.7m | ETA 14.3m
2026-08-28 21:03:13 [INFO]   [train] 3,584,000/19,487,126 (18.4%) | 3.9m | ETA 17.3m
2026-08-28 21:04:47 [INFO]   [train] 4,096,000/19,487,126 (21.0%) | 5.5m | ETA 20.6m
2026-08-28 21:07:27 [INFO]   [train] 4,608,000/19,487,126 (23.6%) | 8.1m | ETA 26.3m
2026-08-28 21:12:28 [INFO]   [train] 5,120,000/19,487,126 (26.3%) | 13.2m | ETA 36.9m
2026-08-28 21:17:57 [INFO]   [train] 5,632,000/19,487,126 (28.9%) | 18.6m | ETA 45.8m
2026-08-28 21:23:33 [INFO]   [train] 6,144,000/19,487,126 (31.5%) | 24.2m | ETA 52.6m
2026-08-28 21:29:38 [INFO]   [train] 6,656,000/19,487,126 (34.2%) | 30.3m | ETA 58.4m
2026-08-28 21:36:12 [INFO]   [train] 7,168,000/19,487,126 (36.8%) | 36.9m | ETA 63.4m
2026-08-28 21:42:00 [INFO]   [train] 7,680,000/19,487,126 (39.4%) | 42.7m | ETA 65.6m
2026-08-28 21:44:06 [INFO]   [train] 8,192,000/19,487,126 (42.0%) | 44.8m | ETA 61.7m
2026-08-28 21:44:57 [INFO]   [train] 8,704,000/19,487,126 (44.7%) | 45.6m | ETA 56.5m
2026-08-28 21:45:41 [INFO]   [train] 9,216,000/19,487,126 (47.3%) | 46.4m | ETA 51.7m
2026-08-28 21:46:36 [INFO]   [train] 9,728,000/19,487,126 (49.9%) | 47.3m | ETA 47.4m
2026-08-28 21:47:54 [INFO]   [train] 10,240,000/19,487,126 (52.5%) | 48.6m | ETA 43.9m
2026-08-28 21:49:44 [INFO]   [train] 10,752,000/19,487,126 (55.2%) | 50.4m | ETA 41.0m
2026-08-28 21:52:00 [INFO]   [train] 11,264,000/19,487,126 (57.8%) | 52.7m | ETA 38.5m
2026-08-28 21:54:17 [INFO]   [train] 11,776,000/19,487,126 (60.4%) | 55.0m | ETA 36.0m
2026-08-28 21:56:18 [INFO]   [train] 12,288,000/19,487,126 (63.1%) | 57.0m | ETA 33.4m
2026-08-28 21:58:23 [INFO]   [train] 12,800,000/19,487,126 (65.7%) | 59.1m | ETA 30.9m
2026-08-28 22:00:48 [INFO]   [train] 13,312,000/19,487,126 (68.3%) | 61.5m | ETA 28.5m
2026-08-28 22:03:01 [INFO]   [train] 13,824,000/19,487,126 (70.9%) | 63.7m | ETA 26.1m
2026-08-28 22:05:01 [INFO]   [train] 14,336,000/19,487,126 (73.6%) | 65.7m | ETA 23.6m
2026-08-28 22:07:14 [INFO]   [train] 14,848,000/19,487,126 (76.2%) | 67.9m | ETA 21.2m
2026-08-28 22:09:39 [INFO]   [train] 15,360,000/19,487,126 (78.8%) | 70.3m | ETA 18.9m
2026-08-28 22:11:44 [INFO]   [train] 15,872,000/19,487,126 (81.4%) | 72.4m | ETA 16.5m
2026-08-28 22:13:49 [INFO]   [train] 16,384,000/19,487,126 (84.1%) | 74.5m | ETA 14.1m
2026-08-28 22:16:10 [INFO]   [train] 16,896,000/19,487,126 (86.7%) | 76.8m | ETA 11.8m
2026-08-28 22:20:39 [INFO]   [train] 17,408,000/19,487,126 (89.3%) | 81.3m | ETA 9.7m
2026-08-28 22:25:26 [INFO]   [train] 17,920,000/19,487,126 (92.0%) | 86.1m | ETA 7.5m
2026-08-28 22:30:28 [INFO]   [train] 18,432,000/19,487,126 (94.6%) | 91.1m | ETA 5.2m
2026-08-28 22:35:34 [INFO]   [train] 18,944,000/19,487,126 (97.2%) | 96.3m | ETA 2.8m
2026-08-28 22:41:37 [INFO]   [train] 19,456,000/19,487,126 (99.8%) | 102.3m | ETA 0.2m
2026-08-28 22:42:03 [INFO]   [train] 19,487,232/19,487,126 (100.0%) | 102.7m | ETA -0.0m
2026-08-28 22:42:03 [INFO] [GFP] train ✓ done in 102.7m
2026-08-28 22:42:03 [INFO] [GFP] val: 5,520,883 edges | 43,132 batches (batch=128)
2026-08-28 22:44:35 [INFO]   [val] 512,000/5,520,883 (9.3%) | 2.5m | ETA 24.8m
2026-08-28 22:45:39 [INFO]   [val] 1,024,000/5,520,883 (18.5%) | 3.6m | ETA 15.8m
2026-08-28 22:46:24 [INFO]   [val] 1,536,000/5,520,883 (27.8%) | 4.3m | ETA 11.3m
2026-08-28 22:47:11 [INFO]   [val] 2,048,000/5,520,883 (37.1%) | 5.1m | ETA 8.7m
2026-08-28 22:48:18 [INFO]   [val] 2,560,000/5,520,883 (46.4%) | 6.2m | ETA 7.2m
2026-08-28 22:49:49 [INFO]   [val] 3,072,000/5,520,883 (55.6%) | 7.8m | ETA 6.2m
2026-08-28 22:51:54 [INFO]   [val] 3,584,000/5,520,883 (64.9%) | 9.8m | ETA 5.3m
2026-08-28 22:54:08 [INFO]   [val] 4,096,000/5,520,883 (74.2%) | 12.1m | ETA 4.2m
2026-08-28 22:56:06 [INFO]   [val] 4,608,000/5,520,883 (83.5%) | 14.1m | ETA 2.8m
2026-08-28 22:58:05 [INFO]   [val] 5,120,000/5,520,883 (92.7%) | 16.0m | ETA 1.3m
2026-08-28 22:59:53 [INFO]   [val] 5,520,896/5,520,883 (100.0%) | 17.8m | ETA -0.0m
2026-08-28 22:59:53 [INFO] [GFP] val ✓ done in 17.8m
2026-08-28 22:59:53 [INFO] [GFP] test: 6,890,229 edges | 53,830 batches (batch=128)
2026-08-28 23:02:08 [INFO]   [test] 512,000/6,890,229 (7.4%) | 2.3m | ETA 28.0m
2026-08-28 23:04:14 [INFO]   [test] 1,024,000/6,890,229 (14.9%) | 4.3m | ETA 24.9m
2026-08-28 23:06:19 [INFO]   [test] 1,536,000/6,890,229 (22.3%) | 6.4m | ETA 22.4m
2026-08-28 23:08:35 [INFO]   [test] 2,048,000/6,890,229 (29.7%) | 8.7m | ETA 20.6m
2026-08-28 23:10:55 [INFO]   [test] 2,560,000/6,890,229 (37.2%) | 11.0m | ETA 18.6m
2026-08-28 23:13:01 [INFO]   [test] 3,072,000/6,890,229 (44.6%) | 13.1m | ETA 16.3m
2026-08-28 23:15:08 [INFO]   [test] 3,584,000/6,890,229 (52.0%) | 15.2m | ETA 14.1m
2026-08-28 23:18:10 [INFO]   [test] 4,096,000/6,890,229 (59.4%) | 18.3m | ETA 12.5m
2026-08-28 23:22:40 [INFO]   [test] 4,608,000/6,890,229 (66.9%) | 22.8m | ETA 11.3m
2026-08-28 23:27:48 [INFO]   [test] 5,120,000/6,890,229 (74.3%) | 27.9m | ETA 9.7m
2026-08-28 23:33:01 [INFO]   [test] 5,632,000/6,890,229 (81.7%) | 33.1m | ETA 7.4m
2026-08-28 23:38:44 [INFO]   [test] 6,144,000/6,890,229 (89.2%) | 38.8m | ETA 4.7m
2026-08-28 23:45:25 [INFO]   [test] 6,656,000/6,890,229 (96.6%) | 45.5m | ETA 1.6m
2026-08-28 23:49:06 [INFO]   [test] 6,890,240/6,890,229 (100.0%) | 49.2m | ETA -0.0m
2026-08-28 23:49:06 [INFO] [GFP] test ✓ done in 49.2m
2026-08-28 23:49:17 [INFO] [GFP] ✓ 264 gfp columns  ← المفروض 264 (كان 224 قبل [FIX-3b])
2026-08-28 23:49:41 [INFO] ============================================================
2026-08-28 23:49:41 [INFO] [Sanity] بوابات الجودة:
2026-08-28 23:49:41 [INFO]   ✓ is_first_out 6.31% | is_first_in 5.30%
2026-08-28 23:49:41 [INFO]   ✓ td values منطقية
2026-08-28 23:49:50 [INFO]   ✓ صفر NULLs في الـ features
2026-08-28 23:49:50 [INFO] ============================================================
2026-08-28 23:49:50 [INFO] [Assembly] Feature matrix: (31,898,238 × 287)
2026-08-28 23:52:25 [INFO] [Assembly] ✓ features_all.parquet
2026-08-28 23:52:26 [INFO] [Assembly] ✓ node_to_idx.parquet
2026-08-28 23:52:32 [INFO] [Assembly] ✓ edge_metadata.parquet
2026-08-28 23:52:32 [INFO] [Assembly] ✓ feature_metadata.json | groups: {'basic': 10, 'gfp': 264, 'structural': 6, 'causal': 6, 'entity': 1}
2026-08-28 23:52:38 [INFO] [Assembly] ✓ edge_index / y / masks (.pt)
2026-08-28 23:52:38 [INFO] [Assembly] xgb_L0   → 274 features
2026-08-28 23:52:38 [INFO] [Assembly] xgb_L1   → 280 features
2026-08-28 23:52:38 [INFO] [Assembly] xgb_L2   → 286 features
2026-08-28 23:52:38 [INFO] [Assembly] xgb_L3   → 287 features
2026-08-28 23:52:38 [INFO] [Assembly] gnn_L0   →  10 features
2026-08-28 23:52:38 [INFO] [Assembly] gnn_L1   → 274 features
2026-08-28 23:52:38 [INFO] [Assembly] gnn_L2   → 286 features
2026-08-28 23:52:38 [INFO] [Assembly] gnn_L3   → 287 features
2026-08-28 23:52:38 [INFO] [Patterns] 2,756 attempts | 22,743 tx rows
2026-08-28 23:52:38 [INFO] [Patterns] attempt types: {'BIPARTITE': 369, 'CYCLE': 367, 'FAN-IN': 355, 'FAN-OUT': 345, 'STACK': 336, 'SCATTER-GATHER': 331, 'RANDOM': 331, 'GATHER-SCATTER': 322}
2026-08-28 23:57:32 [INFO] [Match] pattern rows covered: 22,743/22,743 (100.00%)
2026-08-28 23:57:44 [INFO] =======================================================
2026-08-28 23:57:44 [INFO] [Patterns] توزيع المعاملات الإجرامية:
2026-08-28 23:57:44 [INFO]    LONE                   12,487 ( 35.4%)
2026-08-28 23:57:44 [INFO]    GATHER-SCATTER          4,289 ( 12.2%)
2026-08-28 23:57:44 [INFO]    SCATTER-GATHER          3,988 ( 11.3%)
2026-08-28 23:57:44 [INFO]    STACK                   3,986 ( 11.3%)
2026-08-28 23:57:44 [INFO]    FAN-IN                  2,315 (  6.6%)
2026-08-28 23:57:44 [INFO]    CYCLE                   2,235 (  6.3%)
2026-08-28 23:57:44 [INFO]    BIPARTITE               2,135 (  6.1%)
2026-08-28 23:57:44 [INFO]    FAN-OUT                 2,128 (  6.0%)
2026-08-28 23:57:44 [INFO]    RANDOM                  1,667 (  4.7%)
2026-08-28 23:57:44 [INFO]    NONE                        0 (  0.0%)
2026-08-28 23:57:44 [INFO] =======================================================
2026-08-28 23:57:44 [INFO] [Split] train: illicit 15,713 | attempts 1,491 | LONE 6,969
2026-08-28 23:57:44 [INFO] [Split] val  : illicit 8,501 | attempts 1,368 | LONE 2,836
2026-08-28 23:57:44 [INFO] [Split] test : illicit 11,016 | attempts 1,250 | LONE 2,682
2026-08-28 23:57:44 [INFO] [Patterns] ✓ patterns_summary.csv — 2,756 attempts | avg 8.3 tx/attempt
2026-08-28 23:57:44 [INFO] ✅ Completed in 3.09 hours
